[2025-06-23 08:02:32] - INFO - REQUEST_LOGGER - Request successfully - GET /api/v1/score
[2025-06-23 08:02:32] - INFO - RESPONSE_LOGGER - 
{
  "message" : "Get all scores successfully",
  "status" : "OK",
  "statusCode" : 200,
  "payload" : [ {
    "scoreId" : 1,
    "score" : "94",
    "courseId" : 1,
    "userId" : 3
  }, {
    "scoreId" : 2,
    "score" : "92",
    "courseId" : 4,
    "userId" : 4
  }, {
    "scoreId" : 25,
    "score" : "100",
    "courseId" : 3,
    "userId" : 5
  } ],
  "time" : "2025-06-23T08:02:32.7734401"
}
[2025-06-23 08:03:02] - INFO - REQUEST_LOGGER - Request fail - POST /api/v1/course
[2025-06-23 08:04:29] - INFO - REQUEST_LOGGER - Request successfully - POST /api/v1/course
[2025-06-23 08:04:29] - INFO - RESPONSE_LOGGER - 
{
  "message" : "Course is created successfully",
  "status" : "CREATED",
  "statusCode" : 201,
  "payload" : {
    "courseId" : 7,
    "courseName" : ".net",
    "description" : "cfvgbhnjk fvgbhnjmk"
  },
  "time" : "2025-06-23T08:04:29.0056778"
}
[2025-06-23 08:12:15] - INFO - REQUEST_LOGGER - Request successfully - POST /api/v1/course
[2025-06-23 08:12:15] - INFO - RESPONSE_LOGGER - 
{
  "message" : "Course is created successfully",
  "status" : "CREATED",
  "statusCode" : 201,
  "payload" : {
    "courseId" : 8,
    "courseName" : "devOps",
    "description" : "cfvgbhnjk fvgbhnjmk"
  },
  "time" : "2025-06-23T08:12:15.1465452"
}
[2025-06-23 08:13:21] - INFO - REQUEST_LOGGER - Request successfully - POST /api/v1/course
[2025-06-23 08:13:21] - INFO - RESPONSE_LOGGER - 
{
  "message" : "Course is created successfully",
  "status" : "CREATED",
  "statusCode" : 201,
  "payload" : {
    "courseId" : 9,
    "courseName" : "Javascript",
    "description" : "cfvgbhnjk fvgbhnjmk"
  },
  "time" : "2025-06-23T08:13:21.4491119"
}
[2025-06-23 08:15:50] - INFO - REQUEST_LOGGER - Request successfully - GET /api/v1/course
[2025-06-23 08:15:50] - INFO - RESPONSE_LOGGER - 
{
  "message" : "Get all courses successfully",
  "status" : "OK",
  "statusCode" : 200,
  "payload" : [ {
    "courseId" : 1,
    "courseName" : "Java",
    "description" : "stringdcsgfbg dcfgb"
  }, {
    "courseId" : 2,
    "courseName" : "C#",
    "description" : "stringdcsgfbg dcfgb"
  }, {
    "courseId" : 3,
    "courseName" : "NextJS",
    "description" : "stringdcsgfbg dcfgb"
  }, {
    "courseId" : 4,
    "courseName" : "Vue",
    "description" : "stringgfvhbjn"
  }, {
    "courseId" : 5,
    "courseName" : "HTML",
    "description" : "stringfcvgbhnjmk"
  }, {
    "courseId" : 6,
    "courseName" : "Laravel",
    "description" : "cdvfgbnnbv hgfdsa"
  }, {
    "courseId" : 7,
    "courseName" : ".net",
    "description" : "cfvgbhnjk fvgbhnjmk"
  }, {
    "courseId" : 8,
    "courseName" : "devOps",
    "description" : "cfvgbhnjk fvgbhnjmk"
  }, {
    "courseId" : 9,
    "courseName" : "Javascript",
    "description" : "cfvgbhnjk fvgbhnjmk"
  } ],
  "time" : "2025-06-23T08:15:50.3239336"
}
[2025-06-23 08:16:32] - INFO - REQUEST_LOGGER - Request successfully - DELETE /api/v1/course/7
[2025-06-23 08:16:32] - INFO - RESPONSE_LOGGER - 
{
  "message" : "Course is deleted successfully",
  "status" : "OK",
  "statusCode" : 200,
  "time" : "2025-06-23T08:16:32.8775663"
}
[2025-06-23 08:17:21] - INFO - REQUEST_LOGGER - Request successfully - DELETE /api/v1/course/8
[2025-06-23 08:17:21] - INFO - RESPONSE_LOGGER - 
{
  "message" : "Course is deleted successfully",
  "status" : "OK",
  "statusCode" : 200,
  "time" : "2025-06-23T08:17:21.4035749"
}
[2025-06-23 08:17:34] - INFO - REQUEST_LOGGER - Request successfully - POST /api/v1/course
[2025-06-23 08:17:34] - INFO - RESPONSE_LOGGER - 
{
  "message" : "Course is created successfully",
  "status" : "CREATED",
  "statusCode" : 201,
  "payload" : {
    "courseId" : 10,
    "courseName" : "DevOps",
    "description" : "cfvgbhnjk fvgbhnjmk"
  },
  "time" : "2025-06-23T08:17:34.8579807"
}
[2025-06-23 08:19:30] - INFO - REQUEST_LOGGER - Request successfully - POST /api/v1/course
{
  "courseName" : "DevOps1",
  "description" : "cfvgbhnjk fvgbhnjmk"
}
[2025-06-23 08:19:30] - INFO - RESPONSE_LOGGER - 
{
  "message" : "Course is created successfully",
  "status" : "CREATED",
  "statusCode" : 201,
  "payload" : {
    "courseId" : 11,
    "courseName" : "DevOps1",
    "description" : "cfvgbhnjk fvgbhnjmk"
  },
  "time" : "2025-06-23T08:19:30.3718865"
}
[2025-06-23 08:20:08] - INFO - REQUEST_LOGGER - Request successfully - PUT /api/v1/course/11
{
  "courseName" : "",
  "description" : ""
}
[2025-06-23 08:20:08] - INFO - RESPONSE_LOGGER - 
{
  "message" : "Course is updated successfully",
  "status" : "OK",
  "statusCode" : 200,
  "payload" : {
    "courseId" : 11,
    "courseName" : "",
    "description" : ""
  },
  "time" : "2025-06-23T08:20:08.9250717"
}
[2025-06-23 08:20:49] - INFO - REQUEST_LOGGER - Request successfully - PUT /api/v1/course/11
{
  "courseName" : "HTML",
  "description" : "vdnf gvbhndv"
}
[2025-06-23 08:20:49] - INFO - RESPONSE_LOGGER - 
{
  "message" : "Course is updated successfully",
  "status" : "OK",
  "statusCode" : 200,
  "payload" : {
    "courseId" : 11,
    "courseName" : "HTML",
    "description" : "vdnf gvbhndv"
  },
  "time" : "2025-06-23T08:20:49.5029923"
}
[2025-06-23 08:21:46] - INFO - REQUEST_LOGGER - Request fail - POST /api/v1/course
{
  "courseName" : "",
  "description" : ""
}
[2025-06-23 08:22:34] - INFO - REQUEST_LOGGER - Request fail - DELETE /api/v1/course/20
[2025-06-23 08:23:08] - INFO - REQUEST_LOGGER - Request successfully - GET /api/v1/course/4
[2025-06-23 08:23:08] - INFO - RESPONSE_LOGGER - 
{
  "message" : "Get course by id successfully",
  "status" : "OK",
  "statusCode" : 200,
  "payload" : {
    "courseId" : 4,
    "courseName" : "Vue",
    "description" : "stringgfvhbjn"
  },
  "time" : "2025-06-23T08:23:08.5914209"
}
[2025-06-23 08:23:24] - INFO - REQUEST_LOGGER - Request fail - GET /api/v1/course/30
