[2025-06-25 08:22:23] - ERROR - EXCEPTION_LOGGER - {"type":"about:blank","title":"Bad Request","status":400,"detail":"Validate Invalid","instance":"/api/v1/course","errors":{"courseName":"must not be blank","description":"must not be blank"}}
[2025-06-25 08:23:55] - ERROR - EXCEPTION_LOGGER - {"type":"about:blank","title":"Not Found","status":404,"detail":"Course not found","instance":"/api/v1/course/7"}
[2025-06-25 08:24:02] - ERROR - EXCEPTION_LOGGER - {"type":"about:blank","title":"Not Found","status":404,"detail":"Course not found","instance":"/api/v1/course/8"}
[2025-06-25 08:26:04] - ERROR - EXCEPTION_LOGGER - {"type":"about:blank","title":"Not Found","status":404,"detail":"Course not found","instance":"/api/v1/course/10"}
[2025-06-25 08:29:06] - ERROR - EXCEPTION_LOGGER - {"type":"about:blank","title":"Conflict","status":409,"detail":"Email already registered","instance":"/api/v1/auths/register"}
[2025-06-25 08:57:16] - ERROR - EXCEPTION_LOGGER - {"type":"about:blank","title":"Not Found","status":404,"detail":"Course not found","instance":"/api/v1/course/20"}
[2025-06-25 09:30:34] - ERROR - com.example.studentmanagement.configuration.RequestResponseLoggingFilter - Response 404 NOT_FOUND {"type":"about:blank","title":"Not Found","status":404,"detail":"Course not found","instance":"/api/v1/course/30"}
[2025-06-25 09:38:28] - ERROR - com.example.studentmanagement.configuration.RequestResponseLoggingFilter - Error: {"type":"about:blank","title":"Not Found","status":404,"detail":"Course not found","instance":"/api/v1/course/30"}
[2025-06-25 09:40:27] - ERROR - com.example.studentmanagement.configuration.RequestResponseLoggingFilter - Error: {"type":"about:blank","title":"Bad Request","status":400,"detail":"Validate Invalid","instance":"/api/v1/course","errors":{"courseName":"must not be blank","description":"must not be blank"}}
[2025-06-25 09:53:20] - ERROR - com.example.studentmanagement.configuration.RequestResponseLoggingFilter - Error: POST /api/v1/course - Detail: {"type":"about:blank","title":"Bad Request","status":400,"detail":"Validate Invalid","instance":"/api/v1/course","errors":{"courseName":"must not be blank","description":"must not be blank"}}
[2025-06-25 09:56:40] - ERROR - com.example.studentmanagement.configuration.RequestResponseLoggingFilter - Request POST /api/v1/course {
  "courseName": "",
  "description": ""
}
[2025-06-25 09:56:40] - ERROR - com.example.studentmanagement.configuration.RequestResponseLoggingFilter - Error: {"type":"about:blank","title":"Bad Request","status":400,"detail":"Validate Invalid","instance":"/api/v1/course","errors":{"courseName":"must not be blank","description":"must not be blank"}}
[2025-06-25 10:08:23] - ERROR - com.example.studentmanagement.configuration.RequestResponseLoggingFilter - Request fail: POST /api/v1/course {
  "courseName": "",
  "description": ""
}
[2025-06-25 10:08:23] - ERROR - com.example.studentmanagement.configuration.RequestResponseLoggingFilter - Error: {"type":"about:blank","title":"Bad Request","status":400,"detail":"Validate Invalid","instance":"/api/v1/course","errors":{"courseName":"must not be blank","description":"must not be blank"}}
[2025-06-25 10:14:44] - ERROR - com.example.studentmanagement.configuration.RequestResponseLoggingFilter - Request fail: POST /api/v1/course {"courseName":"","description":""}
[2025-06-25 10:14:44] - ERROR - com.example.studentmanagement.configuration.RequestResponseLoggingFilter - Error: {"type":"about:blank","title":"Bad Request","status":400,"detail":"Validate Invalid","instance":"/api/v1/course","errors":{"courseName":"must not be blank","description":"must not be blank"}}
[2025-06-25 10:34:34] - ERROR - com.example.studentmanagement.configuration.RequestResponseLoggingFilter - Request fail: PUT /api/v1/course/23 {"courseName":"string","description":"string"}
[2025-06-25 10:34:34] - ERROR - com.example.studentmanagement.configuration.RequestResponseLoggingFilter - Error: {"type":"about:blank","title":"Not Found","status":404,"detail":"Course not found","instance":"/api/v1/course/23"}
[2025-06-25 10:42:23] - ERROR - com.example.studentmanagement.configuration.RequestResponseLoggingFilter - Request fail: GET /api/v1/score/90 
[2025-06-25 10:42:23] - ERROR - com.example.studentmanagement.configuration.RequestResponseLoggingFilter - Error: {"type":"about:blank","title":"Not Found","status":404,"detail":"Score not found","instance":"/api/v1/score/90"}
[2025-06-25 10:43:26] - ERROR - com.example.studentmanagement.configuration.RequestResponseLoggingFilter - Request fail: POST /api/v1/course {"courseName":"","description":""}
[2025-06-25 10:43:26] - ERROR - com.example.studentmanagement.configuration.RequestResponseLoggingFilter - Error: {"type":"about:blank","title":"Bad Request","status":400,"detail":"Validate Invalid","instance":"/api/v1/course","errors":{"courseName":"must not be blank","description":"must not be blank"}}
[2025-06-25 10:44:34] - ERROR - com.example.studentmanagement.configuration.RequestResponseLoggingFilter - Request fail: DELETE /api/v1/course/40 
[2025-06-25 10:44:34] - ERROR - com.example.studentmanagement.configuration.RequestResponseLoggingFilter - Error: {"type":"about:blank","title":"Not Found","status":404,"detail":"Course not found","instance":"/api/v1/course/40"}
[2025-06-25 11:05:20] - ERROR - com.example.studentmanagement.configuration.RequestResponseLoggingFilter - Request fail: POST /api/v1/course {"courseName":"","description":""}
[2025-06-25 11:05:20] - ERROR - com.example.studentmanagement.configuration.RequestResponseLoggingFilter - Error: {"type":"about:blank","title":"Bad Request","status":400,"detail":"Validate Invalid","instance":"/api/v1/course","errors":{"courseName":"must not be blank","description":"must not be blank"}}
[2025-06-25 11:06:43] - ERROR - com.example.studentmanagement.configuration.RequestResponseLoggingFilter - Request fail: DELETE /api/v1/course/50 
[2025-06-25 11:06:43] - ERROR - com.example.studentmanagement.configuration.RequestResponseLoggingFilter - Error: {"type":"about:blank","title":"Not Found","status":404,"detail":"Course not found","instance":"/api/v1/course/50"}
